// Jest Snapshot v1, https://goo.gl/fbAQLP

exports[`<ButtonBar /> matches snapshot 1`] = `
<Flexbox>
  <Connect(Link)
    dateRange="WEEK"
  >
    1W
  </Connect(Link)>
  <Connect(Link)
    dateRange="MONTH"
  >
    1M
  </Connect(Link)>
  <Connect(Link)
    dateRange="THREE_MONTHS"
  >
    3M
  </Connect(Link)>
  <Connect(Link)
    dateRange="YEAR"
  >
    1Y
  </Connect(Link)>
  <Connect(Link)
    dateRange="ALL"
  >
    ALL
  </Connect(Link)>
</Flexbox>
`;
