// Jest Snapshot v1, https://goo.gl/fbAQLP

exports[`<ChartTabs /> matches snapshot 1`] = `
<Uncontrolled(Tabs)
  defaultActiveKey={1}
  id="tab-id-required-for-accessibility"
>
  <Tab
    eventKey={1}
    title="Duration"
  />
  <Tab
    eventKey={2}
    title="Weight (kg)"
  />
  <Tab
    eventKey={3}
    title="Body Fat %"
  />
</Uncontrolled(Tabs)>
`;
